// Vitest Snapshot v1, https://vitest.dev/guide/snapshot.html

exports[`ClickableTooltip component > matches the snapshot for desktop view 1`] = `
<DocumentFragment>
  <div
    class="ml-1"
  >
    <button
      class="MuiButtonBase-root MuiIconButton-root MuiIconButton-sizeSmall css-hizwh9-MuiButtonBase-root-MuiIconButton-root"
      data-mui-internal-clone-element="true"
      tabindex="0"
      type="button"
    >
      <span>
        Hover me
      </span>
    </button>
  </div>
</DocumentFragment>
`;

exports[`ClickableTooltip component > matches the snapshot for mobile view 1`] = `
<DocumentFragment>
  <div
    class="ml-1"
  >
    <button
      class="MuiButtonBase-root MuiIconButton-root MuiIconButton-sizeSmall css-hizwh9-MuiButtonBase-root-MuiIconButton-root"
      data-mui-internal-clone-element="true"
      tabindex="0"
      type="button"
    >
      <span>
        Hover me
      </span>
    </button>
  </div>
</DocumentFragment>
`;
