// Vitest Snapshot v1, https://vitest.dev/guide/snapshot.html

exports[`ListOfDesktopProjectsPreModal Component > renders correctly with desktop projects 1`] = `
<DocumentFragment>
  <div
    class="grid ml-8 grid-rows-1 grid-cols-4 
    bg-app-lightModeBoxes-box1 
    dark:bg-app-darkModeBoxes-box1 
     border-l-0 rounded-l-none
    rounded-xl"
  >
    <div
      class="text-center mb-4 col-span-1 self-center p-2 mr-4 
        md:dark:bg-app-lightModeBoxes-box1 
    md:bg-white
    md:bg-opacity-20
    md:border-[2px]
    border-app-darkModeBoxes-box1
    dark:border-white
    dark:border-opacity-60
    md:shadow-md
    opacity-90 rounded-xl flex flex-col gap-4 mt-16"
    >
      <h3
        class="hidden md:flex text-lg font-bold dark:text-white text-black"
      >
        Example desktop project
      </h3>
      <div
        class="hidden md:flex flex-wrap justify-center gap-2"
      >
        <i
          aria-label="React"
          class="ci ci-React ci-lg"
          data-mui-internal-clone-element="true"
        />
        <i
          aria-label="TypeScript"
          class="ci ci-TypeScript ci-lg"
          data-mui-internal-clone-element="true"
        />
      </div>
    </div>
    <div
      class="col-span-3 self-center py-3 pr-3 ml-3 group"
    >
      <div
        class="swiper swiper-initialized swiper-vertical h-[120px] md:h-[250px] w-full"
      >
        <div
          class="swiper-wrapper"
          style="cursor: grab; transition-duration: 0ms; transition-delay: 0ms; transform: translate3d(0px, NaNpx, 0px);"
        >
          <div
            class="swiper-slide bg-transparent"
            data-swiper-slide-index="0"
          >
            <img
              alt="dev.projects.projects.desktop.exampleProject.title"
              class="rounded-2xl"
              src="desktop1.png"
            />
          </div>
          <div
            class="swiper-slide bg-transparent"
            data-swiper-slide-index="1"
          >
            <img
              alt="dev.projects.projects.desktop.exampleProject.title"
              class="rounded-2xl"
              src="desktop2.png"
            />
          </div>
          <div
            class="swiper-slide bg-transparent"
            data-swiper-slide-index="2"
          >
            <img
              alt="dev.projects.projects.desktop.exampleProject.title"
              class="rounded-2xl"
              src="desktop3.png"
            />
          </div>
        </div>
        <div
          class="swiper-pagination swiper-pagination-bullets swiper-pagination-vertical"
        >
          <span
            class="swiper-pagination-bullet"
          />
          <span
            class="swiper-pagination-bullet"
          />
          <span
            class="swiper-pagination-bullet swiper-pagination-bullet-active"
          />
        </div>
        <div
          class="hidden md:block"
        >
          <div
            class="autoplay-progress"
            slot="container-end"
          >
            <svg
              style="--progress: 0;"
              viewBox="0 0 48 48"
            >
              <circle
                cx="24"
                cy="24"
                r="20"
              />
            </svg>
            <span>
              3s
            </span>
          </div>
        </div>
      </div>
    </div>
  </div>
</DocumentFragment>
`;
