// Vitest Snapshot v1, https://vitest.dev/guide/snapshot.html

exports[`DropdownMenu Component > closes the menu when clicked outside 1`] = `
<DocumentFragment>
  <div
    class="absolute right-0"
  >
    <button
      aria-label="menu"
      class="MuiButtonBase-root MuiIconButton-root MuiIconButton-colorInherit MuiIconButton-edgeStart MuiIconButton-sizeMedium css-efpxe5-MuiButtonBase-root-MuiIconButton-root"
      tabindex="0"
      type="button"
    >
      <svg
        aria-hidden="true"
        class="MuiSvgIcon-root MuiSvgIcon-fontSizeSmall css-18w7uxr-MuiSvgIcon-root"
        data-testid="MenuIcon"
        focusable="false"
        viewBox="0 0 24 24"
      >
        <path
          d="M3 18h18v-2H3zm0-5h18v-2H3zm0-7v2h18V6z"
        />
      </svg>
    </button>
  </div>
</DocumentFragment>
`;

exports[`DropdownMenu Component > matches snapshot 1`] = `
<DocumentFragment>
  <div
    class="absolute right-0"
  >
    <button
      aria-label="menu"
      class="MuiButtonBase-root MuiIconButton-root MuiIconButton-colorInherit MuiIconButton-edgeStart MuiIconButton-sizeMedium css-efpxe5-MuiButtonBase-root-MuiIconButton-root"
      tabindex="0"
      type="button"
    >
      <svg
        aria-hidden="true"
        class="MuiSvgIcon-root MuiSvgIcon-fontSizeSmall css-18w7uxr-MuiSvgIcon-root"
        data-testid="MenuIcon"
        focusable="false"
        viewBox="0 0 24 24"
      >
        <path
          d="M3 18h18v-2H3zm0-5h18v-2H3zm0-7v2h18V6z"
        />
      </svg>
    </button>
  </div>
</DocumentFragment>
`;

exports[`DropdownMenu Component > opens the menu when the button is clicked 1`] = `
<DocumentFragment>
  <div
    class="absolute right-0"
  >
    <button
      aria-label="menu"
      class="MuiButtonBase-root MuiIconButton-root MuiIconButton-colorInherit MuiIconButton-edgeStart MuiIconButton-sizeMedium css-efpxe5-MuiButtonBase-root-MuiIconButton-root"
      tabindex="0"
      type="button"
    >
      <svg
        aria-hidden="true"
        class="MuiSvgIcon-root MuiSvgIcon-fontSizeSmall css-18w7uxr-MuiSvgIcon-root"
        data-testid="MenuIcon"
        focusable="false"
        viewBox="0 0 24 24"
      >
        <path
          d="M3 18h18v-2H3zm0-5h18v-2H3zm0-7v2h18V6z"
        />
      </svg>
    </button>
  </div>
</DocumentFragment>
`;
